Microsoft Windows [Version 10.0.26100.3915]
(c) Microsoft Corporation. All rights reserved.

C:\Users\Public>mkdir git_challenge

C:\Users\Public>cd git_challenge

C:\Users\Public\git_challenge>echo hello > hello_world.txt

C:\Users\Public\git_challenge>echo Hello, world! > hello_world.txt

C:\Users\Public\git_challenge>git commit -m "課題"
fatal: not a git repository (or any of the parent directories): .git

C:\Users\Public\git_challenge>git init
Initialized empty Git repository in C:/Users/Public/git_challenge/.git/

C:\Users\Public\git_challenge>git commit -m "課題"
On branch main

Initial commit

Untracked files:
  (use "git add <file>..." to include in what will be committed)
        hello_world.txt

nothing added to commit but untracked files present (use "git add" to track)

C:\Users\Public\git_challenge>git add hello_world.txt

C:\Users\Public\git_challenge>git commit -m "課題"
[main (root-commit) 652ea23] 課題
 1 file changed, 1 insertion(+)
 create mode 100644 hello_world.txt

C:\Users\Public\git_challenge>echo こんにちは、世界！ >> hello_world.txt

C:\Users\Public\git_challenge>git diff C:\Users\Public\git_challenge
diff --git a/hello_world.txt b/hello_world.txt
index 373c7b0..f5af4a0 100644
--- a/hello_world.txt
+++ b/hello_world.txt
@@ -1 +1,2 @@
 Hello, world!
+<82><B1><82><F1><82>ɂ<BF><82>́A<90><A2><8A>E<81>I

C:\Users\Public\git_challenge>git commit -m "課題"
On branch main
Changes not staged for commit:
  (use "git add <file>..." to update what will be committed)
  (use "git restore <file>..." to discard changes in working directory)
        modified:   hello_world.txt

no changes added to commit (use "git add" and/or "git commit -a")

C:\Users\Public\git_challenge>git add hello_world.txt

C:\Users\Public\git_challenge>git commit -m "課題"
[main 51fb01a] 課題
 1 file changed, 1 insertion(+)

C:\Users\Public\git_challenge>git diff C:\Users\Public\git_challenge

C:\Users\Public\git_challenge>git log
commit 51fb01a761ab5dfb1feb58635d84183957940b07 (HEAD -> main)
Author: yuu-kuguhara <you20010819@gmail.com>
Date:   Sat May 10 22:48:20 2025 +0900

    課題

commit 652ea23dbafbc3630d3087521ee32a0e0e957cb7
Author: yuu-kuguhara <you20010819@gmail.com>
Date:   Sat May 10 22:43:57 2025 +0900

    課題

C:\Users\Public\git_challenge>